Stored first candidate
